// Jest Snapshot v1, https://goo.gl/fbAQLP

exports[`MessageList has the expected html structure 1`] = `
<ul>
  <li
    class="message"
  >
    Adeus
  </li>
</ul>
`;
